source: 0.2
Beats Ye-Bash4: 0.1
Command: yb4_action1
Flags:
  YB4_ON:1
  YB4_NO:0
  YE_BASH4_VERBOSE:0
  YE_BASH4_DEBUG:1
Parameters:
  YB4_DEFAULT:Default value
  YB4_MISSING:Missing value
Arguments:
  YE_BASH_ARGS[0]:Argument1
  YE_BASH_ARGS[1]:Argument Two
